M5-FITS/processed/v1/data_train_WI_2_HOUSEHOLD_2.csv
,d,sales,tm_w_end,tm_dw,tm_wm,tm_m,tm_w,sell_price,snap_count,is_event,date
740,741,96.0,0,3,1,2,6,5.90193,2,0,2013-02-07
741,742,128.0,0,4,2,2,6,5.90193,2,0,2013-02-08
742,743,147.0,1,5,2,2,6,5.901853,3,0,2013-02-09
743,744,149.0,1,6,2,2,6,5.901853,1,0,2013-02-10
744,745,109.0,0,0,2,2,7,5.901853,2,0,2013-02-11
745,746,119.0,0,1,2,2,7,5.901853,2,0,2013-02-12
746,747,126.0,0,2,2,2,7,5.901853,1,1,2013-02-13
747,748,120.0,0,3,2,2,7,5.901853,1,1,2013-02-14
748,749,141.0,0,4,3,2,7,5.901853,2,0,2013-02-15
749,750,162.0,1,5,3,2,7,5.9126735,0,0,2013-02-16
750,751,150.0,1,6,3,2,7,5.9126735,0,0,2013-02-17
751,752,105.0,0,0,3,2,8,5.9126735,0,1,2013-02-18
752,753,90.0,0,1,3,2,8,5.9126735,0,0,2013-02-19
753,754,95.0,0,2,3,2,8,5.9126735,0,1,2013-02-20
754,755,98.0,0,3,3,2,8,5.9126735,0,0,2013-02-21
755,756,115.0,0,4,4,2,8,5.9126735,0,0,2013-02-22
756,757,135.0,1,5,4,2,8,5.921594,0,0,2013-02-23
757,758,132.0,1,6,4,2,8,5.921594,0,1,2013-02-24
758,759,100.0,0,0,4,2,9,5.921594,0,0,2013-02-25
759,760,90.0,0,1,4,2,9,5.921594,0,0,2013-02-26
760,761,106.0,0,2,4,2,9,5.921594,0,0,2013-02-27
761,762,110.0,0,3,4,2,9,5.921594,0,0,2013-02-28
762,763,137.0,0,4,1,3,9,5.921594,2,0,2013-03-01
763,764,197.0,1,5,1,3,9,5.921594,2,0,2013-03-02
764,765,150.0,1,6,1,3,9,5.921594,3,0,2013-03-03
765,766,113.0,0,0,1,3,10,5.921594,1,0,2013-03-04
766,767,71.0,0,1,1,3,10,5.921594,3,0,2013-03-05
767,768,121.0,0,2,1,3,10,5.921594,3,0,2013-03-06
768,769,86.0,0,3,1,3,10,5.921594,2,0,2013-03-07
769,770,123.0,0,4,2,3,10,5.921594,2,0,2013-03-08
770,771,129.0,1,5,2,3,10,5.9157166,3,0,2013-03-09
771,772,110.0,1,6,2,3,10,5.9157166,1,0,2013-03-10
772,773,88.0,0,0,2,3,11,5.9157166,2,0,2013-03-11
773,774,95.0,0,1,2,3,11,5.9157166,2,0,2013-03-12
774,775,95.0,0,2,2,3,11,5.9157166,1,0,2013-03-13
775,776,107.0,0,3,2,3,11,5.9157166,1,0,2013-03-14
776,777,132.0,0,4,3,3,11,5.9157166,2,0,2013-03-15
777,778,137.0,1,5,3,3,11,5.8987656,0,0,2013-03-16
778,779,130.0,1,6,3,3,11,5.8987656,0,1,2013-03-17
779,780,96.0,0,0,3,3,12,5.8987656,0,0,2013-03-18
780,781,105.0,0,1,3,3,12,5.8987656,0,0,2013-03-19
781,782,99.0,0,2,3,3,12,5.8987656,0,0,2013-03-20
782,783,106.0,0,3,3,3,12,5.8987656,0,0,2013-03-21
783,784,108.0,0,4,4,3,12,5.8987656,0,0,2013-03-22
784,785,155.0,1,5,4,3,12,5.866533,0,0,2013-03-23
785,786,144.0,1,6,4,3,12,5.866533,0,0,2013-03-24
786,787,93.0,0,0,4,3,13,5.866533,0,0,2013-03-25
787,788,132.0,0,1,4,3,13,5.866533,0,0,2013-03-26
788,789,135.0,0,2,4,3,13,5.866533,0,0,2013-03-27
789,790,117.0,0,3,4,3,13,5.866533,0,0,2013-03-28
790,791,155.0,0,4,5,3,13,5.866533,0,0,2013-03-29
791,792,156.0,1,5,5,3,13,5.880763,0,0,2013-03-30
792,793,114.0,1,6,5,3,13,5.880763,0,1,2013-03-31
793,794,156.0,0,0,1,4,14,5.880763,2,0,2013-04-01
794,795,131.0,0,1,1,4,14,5.880763,2,1,2013-04-02
795,796,137.0,0,2,1,4,14,5.880763,3,0,2013-04-03
796,797,105.0,0,3,1,4,14,5.880763,1,0,2013-04-04
797,798,104.0,0,4,1,4,14,5.880763,3,0,2013-04-05
798,799,148.0,1,5,1,4,14,5.849975,3,0,2013-04-06
799,800,127.0,1,6,1,4,14,5.849975,2,0,2013-04-07
800,801,106.0,0,0,2,4,15,5.849975,2,0,2013-04-08
801,802,109.0,0,1,2,4,15,5.849975,3,0,2013-04-09
802,803,97.0,0,2,2,4,15,5.849975,1,0,2013-04-10
803,804,89.0,0,3,2,4,15,5.849975,2,0,2013-04-11
804,805,124.0,0,4,2,4,15,5.849975,2,0,2013-04-12
805,806,156.0,1,5,2,4,15,5.8403735,1,0,2013-04-13
806,807,151.0,1,6,2,4,15,5.8403735,1,0,2013-04-14
807,808,78.0,0,0,3,4,16,5.8403735,2,0,2013-04-15
808,809,85.0,0,1,3,4,16,5.8403735,0,0,2013-04-16
809,810,73.0,0,2,3,4,16,5.8403735,0,0,2013-04-17
810,811,117.0,0,3,3,4,16,5.8403735,0,0,2013-04-18
811,812,117.0,0,4,3,4,16,5.8403735,0,0,2013-04-19
812,813,143.0,1,5,3,4,16,5.8283362,0,0,2013-04-20
813,814,118.0,1,6,3,4,16,5.8283362,0,0,2013-04-21
814,815,96.0,0,0,4,4,17,5.8283362,0,0,2013-04-22
815,816,71.0,0,1,4,4,17,5.8283362,0,0,2013-04-23
816,817,79.0,0,2,4,4,17,5.8283362,0,0,2013-04-24
817,818,117.0,0,3,4,4,17,5.8283362,0,0,2013-04-25
818,819,106.0,0,4,4,4,17,5.8283362,0,0,2013-04-26
819,820,128.0,1,5,4,4,17,5.827672,0,0,2013-04-27
820,821,121.0,1,6,4,4,17,5.827672,0,0,2013-04-28
821,822,107.0,0,0,5,4,18,5.827672,0,0,2013-04-29
822,823,93.0,0,1,5,4,18,5.827672,0,0,2013-04-30
823,824,144.0,0,2,1,5,18,5.827672,2,0,2013-05-01
824,825,107.0,0,3,1,5,18,5.827672,2,0,2013-05-02
825,826,139.0,0,4,1,5,18,5.827672,3,0,2013-05-03
826,827,139.0,1,5,1,5,18,5.8287945,1,0,2013-05-04
827,828,116.0,1,6,1,5,18,5.8287945,3,2,2013-05-05
828,829,98.0,0,0,1,5,19,5.8287945,3,0,2013-05-06
829,830,99.0,0,1,1,5,19,5.8287945,2,0,2013-05-07
830,831,73.0,0,2,2,5,19,5.8287945,2,0,2013-05-08
831,832,99.0,0,3,2,5,19,5.8287945,3,0,2013-05-09
832,833,96.0,0,4,2,5,19,5.8287945,1,0,2013-05-10
833,834,121.0,1,5,2,5,19,5.829121,2,0,2013-05-11
834,835,116.0,1,6,2,5,19,5.829121,2,1,2013-05-12
835,836,76.0,0,0,2,5,20,5.829121,1,0,2013-05-13
836,837,97.0,0,1,2,5,20,5.829121,1,0,2013-05-14
837,838,101.0,0,2,3,5,20,5.829121,2,0,2013-05-15
838,839,122.0,0,3,3,5,20,5.829121,0,0,2013-05-16
839,840,128.0,0,4,3,5,20,5.829121,0,0,2013-05-17
840,841,108.0,1,5,3,5,20,5.831816,0,0,2013-05-18
841,842,121.0,1,6,3,5,20,5.831816,0,0,2013-05-19
842,843,97.0,0,0,3,5,21,5.831816,0,0,2013-05-20
843,844,111.0,0,1,3,5,21,5.831816,0,0,2013-05-21
844,845,73.0,0,2,4,5,21,5.831816,0,0,2013-05-22
845,846,83.0,0,3,4,5,21,5.831816,0,0,2013-05-23
846,847,96.0,0,4,4,5,21,5.831816,0,0,2013-05-24
847,848,116.0,1,5,4,5,21,5.8321347,0,0,2013-05-25
848,849,98.0,1,6,4,5,21,5.8321347,0,0,2013-05-26
849,850,116.0,0,0,4,5,22,5.8321347,0,1,2013-05-27
850,851,89.0,0,1,4,5,22,5.8321347,0,0,2013-05-28
851,852,110.0,0,2,5,5,22,5.8321347,0,0,2013-05-29
852,853,105.0,0,3,5,5,22,5.8321347,0,0,2013-05-30
853,854,132.0,0,4,5,5,22,5.8321347,0,0,2013-05-31
854,855,139.0,1,5,1,6,22,5.8321347,2,0,2013-06-01
855,856,142.0,1,6,1,6,22,5.8321347,2,0,2013-06-02
856,857,122.0,0,0,1,6,23,5.8321347,3,0,2013-06-03
857,858,111.0,0,1,1,6,23,5.8321347,1,0,2013-06-04
858,859,100.0,0,2,1,6,23,5.8321347,3,0,2013-06-05
859,860,95.0,0,3,1,6,23,5.8321347,3,1,2013-06-06
860,861,84.0,0,4,1,6,23,5.8321347,2,0,2013-06-07
861,862,142.0,1,5,2,6,23,5.8321347,2,0,2013-06-08
862,863,111.0,1,6,2,6,23,5.8321347,3,0,2013-06-09
863,864,128.0,0,0,2,6,24,5.8321347,1,0,2013-06-10
864,865,94.0,0,1,2,6,24,5.8321347,2,0,2013-06-11
865,866,84.0,0,2,2,6,24,5.8321347,2,0,2013-06-12
866,867,122.0,0,3,2,6,24,5.8321347,1,0,2013-06-13
867,868,143.0,0,4,2,6,24,5.8321347,1,0,2013-06-14
868,869,135.0,1,5,3,6,24,5.839275,2,0,2013-06-15
869,870,101.0,1,6,3,6,24,5.839275,0,1,2013-06-16
870,871,93.0,0,0,3,6,25,5.839275,0,0,2013-06-17
871,872,113.0,0,1,3,6,25,5.839275,0,0,2013-06-18
872,873,89.0,0,2,3,6,25,5.839275,0,0,2013-06-19
873,874,109.0,0,3,3,6,25,5.839275,0,1,2013-06-20
874,875,142.0,0,4,3,6,25,5.839275,0,0,2013-06-21
875,876,143.0,1,5,4,6,25,5.8500524,0,0,2013-06-22
876,877,105.0,1,6,4,6,25,5.8500524,0,0,2013-06-23
877,878,97.0,0,0,4,6,26,5.8500524,0,0,2013-06-24
878,879,89.0,0,1,4,6,26,5.8500524,0,0,2013-06-25
879,880,80.0,0,2,4,6,26,5.8500524,0,0,2013-06-26
880,881,81.0,0,3,4,6,26,5.8500524,0,0,2013-06-27
881,882,120.0,0,4,4,6,26,5.8500524,0,0,2013-06-28
882,883,127.0,1,5,5,6,26,5.8316097,0,0,2013-06-29
883,884,120.0,1,6,5,6,26,5.8316097,0,0,2013-06-30
884,885,142.0,0,0,1,7,27,5.8316097,2,0,2013-07-01
885,886,101.0,0,1,1,7,27,5.8316097,2,0,2013-07-02
886,887,108.0,0,2,1,7,27,5.8316097,3,0,2013-07-03
887,888,90.0,0,3,1,7,27,5.8316097,1,1,2013-07-04
888,889,106.0,0,4,1,7,27,5.8316097,3,0,2013-07-05
889,890,96.0,1,5,1,7,27,5.8311214,3,0,2013-07-06
890,891,116.0,1,6,1,7,27,5.8311214,2,0,2013-07-07
891,892,104.0,0,0,2,7,28,5.8311214,2,0,2013-07-08
892,893,109.0,0,1,2,7,28,5.8311214,3,1,2013-07-09
893,894,111.0,0,2,2,7,28,5.8311214,1,0,2013-07-10
894,895,92.0,0,3,2,7,28,5.8311214,2,0,2013-07-11
895,896,103.0,0,4,2,7,28,5.8311214,2,0,2013-07-12
896,897,99.0,1,5,2,7,28,5.837112,1,0,2013-07-13
897,898,90.0,1,6,2,7,28,5.837112,1,0,2013-07-14
898,899,86.0,0,0,3,7,29,5.837112,2,0,2013-07-15
899,900,101.0,0,1,3,7,29,5.837112,0,0,2013-07-16
900,901,71.0,0,2,3,7,29,5.837112,0,0,2013-07-17
901,902,75.0,0,3,3,7,29,5.837112,0,0,2013-07-18
902,903,94.0,0,4,3,7,29,5.837112,0,0,2013-07-19
903,904,102.0,1,5,3,7,29,5.837112,0,0,2013-07-20
904,905,119.0,1,6,3,7,29,5.837112,0,0,2013-07-21
905,906,81.0,0,0,4,7,30,5.837112,0,0,2013-07-22
906,907,83.0,0,1,4,7,30,5.837112,0,0,2013-07-23
907,908,89.0,0,2,4,7,30,5.837112,0,0,2013-07-24
908,909,101.0,0,3,4,7,30,5.837112,0,0,2013-07-25
909,910,112.0,0,4,4,7,30,5.837112,0,0,2013-07-26
910,911,89.0,1,5,4,7,30,5.837112,0,0,2013-07-27
911,912,82.0,1,6,4,7,30,5.837112,0,0,2013-07-28
912,913,59.0,0,0,5,7,31,5.837112,0,0,2013-07-29
913,914,69.0,0,1,5,7,31,5.837112,0,0,2013-07-30
914,915,114.0,0,2,5,7,31,5.837112,0,0,2013-07-31
915,916,132.0,0,3,1,8,31,5.837112,2,0,2013-08-01
916,917,110.0,0,4,1,8,31,5.837112,2,0,2013-08-02
917,918,127.0,1,5,1,8,31,5.8289924,3,0,2013-08-03
918,919,118.0,1,6,1,8,31,5.8289924,1,0,2013-08-04
919,920,120.0,0,0,1,8,32,5.8289924,3,0,2013-08-05
920,921,91.0,0,1,1,8,32,5.8289924,3,0,2013-08-06
921,922,71.0,0,2,1,8,32,5.8289924,2,0,2013-08-07
922,923,110.0,0,3,2,8,32,5.8289924,2,1,2013-08-08
923,924,114.0,0,4,2,8,32,5.8289924,3,0,2013-08-09
924,925,122.0,1,5,2,8,32,5.8241415,1,0,2013-08-10
925,926,107.0,1,6,2,8,32,5.8241415,2,0,2013-08-11
926,927,98.0,0,0,2,8,33,5.8241415,2,0,2013-08-12
927,928,84.0,0,1,2,8,33,5.8241415,1,0,2013-08-13
928,929,76.0,0,2,2,8,33,5.8241415,1,0,2013-08-14
929,930,116.0,0,3,3,8,33,5.8241415,2,0,2013-08-15
930,931,114.0,0,4,3,8,33,5.8241415,0,0,2013-08-16
931,932,105.0,1,5,3,8,33,5.8241415,0,0,2013-08-17
932,933,132.0,1,6,3,8,33,5.8241415,0,0,2013-08-18
933,934,104.0,0,0,3,8,34,5.8241415,0,0,2013-08-19
934,935,99.0,0,1,3,8,34,5.8241415,0,0,2013-08-20
935,936,84.0,0,2,3,8,34,5.8241415,0,0,2013-08-21
936,937,117.0,0,3,4,8,34,5.8241415,0,0,2013-08-22
937,938,134.0,0,4,4,8,34,5.8241415,0,0,2013-08-23
938,939,114.0,1,5,4,8,34,5.815301,0,0,2013-08-24
939,940,113.0,1,6,4,8,34,5.815301,0,0,2013-08-25
940,941,89.0,0,0,4,8,35,5.815301,0,0,2013-08-26
941,942,89.0,0,1,4,8,35,5.815301,0,0,2013-08-27
942,943,104.0,0,2,4,8,35,5.815301,0,0,2013-08-28
943,944,117.0,0,3,5,8,35,5.815301,0,0,2013-08-29
944,945,148.0,0,4,5,8,35,5.815301,0,0,2013-08-30
945,946,147.0,1,5,5,8,35,5.815301,0,0,2013-08-31
946,947,159.0,1,6,1,9,35,5.815301,2,0,2013-09-01
947,948,143.0,0,0,1,9,36,5.815301,2,1,2013-09-02
948,949,119.0,0,1,1,9,36,5.815301,3,0,2013-09-03
949,950,100.0,0,2,1,9,36,5.815301,1,0,2013-09-04
950,951,83.0,0,3,1,9,36,5.815301,3,0,2013-09-05
951,952,96.0,0,4,1,9,36,5.815301,3,0,2013-09-06
952,953,120.0,1,5,1,9,36,5.8096137,2,0,2013-09-07
953,954,123.0,1,6,2,9,36,5.8096137,2,0,2013-09-08
954,955,104.0,0,0,2,9,37,5.8096137,3,0,2013-09-09
955,956,90.0,0,1,2,9,37,5.8096137,1,0,2013-09-10
956,957,97.0,0,2,2,9,37,5.8096137,2,0,2013-09-11
957,958,117.0,0,3,2,9,37,5.8096137,2,0,2013-09-12
958,959,139.0,0,4,2,9,37,5.8096137,1,0,2013-09-13
959,960,143.0,1,5,2,9,37,5.8067265,1,0,2013-09-14
960,961,121.0,1,6,3,9,37,5.8067265,2,0,2013-09-15
961,962,91.0,0,0,3,9,38,5.8067265,0,0,2013-09-16
962,963,90.0,0,1,3,9,38,5.8067265,0,0,2013-09-17
963,964,97.0,0,2,3,9,38,5.8067265,0,0,2013-09-18
964,965,81.0,0,3,3,9,38,5.8067265,0,0,2013-09-19
965,966,87.0,0,4,3,9,38,5.8067265,0,0,2013-09-20
966,967,112.0,1,5,3,9,38,5.806762,0,0,2013-09-21
967,968,107.0,1,6,4,9,38,5.806762,0,0,2013-09-22
968,969,67.0,0,0,4,9,39,5.806762,0,0,2013-09-23
969,970,77.0,0,1,4,9,39,5.806762,0,0,2013-09-24
970,971,107.0,0,2,4,9,39,5.806762,0,0,2013-09-25
971,972,102.0,0,3,4,9,39,5.806762,0,0,2013-09-26
972,973,137.0,0,4,4,9,39,5.806762,0,0,2013-09-27
973,974,173.0,1,5,4,9,39,5.803181,0,0,2013-09-28
974,975,123.0,1,6,5,9,39,5.803181,0,0,2013-09-29
975,976,101.0,0,0,5,9,40,5.803181,0,0,2013-09-30
976,977,118.0,0,1,1,10,40,5.803181,2,0,2013-10-01
977,978,114.0,0,2,1,10,40,5.803181,2,0,2013-10-02
978,979,110.0,0,3,1,10,40,5.803181,3,0,2013-10-03
979,980,129.0,0,4,1,10,40,5.803181,1,0,2013-10-04
980,981,140.0,1,5,1,10,40,5.8169146,3,0,2013-10-05
981,982,133.0,1,6,1,10,40,5.8169146,3,0,2013-10-06
982,983,114.0,0,0,1,10,41,5.8169146,2,0,2013-10-07
983,984,80.0,0,1,2,10,41,5.8169146,2,0,2013-10-08
984,985,77.0,0,2,2,10,41,5.8169146,3,0,2013-10-09
985,986,93.0,0,3,2,10,41,5.8169146,1,0,2013-10-10
986,987,110.0,0,4,2,10,41,5.8169146,2,0,2013-10-11
987,988,96.0,1,5,2,10,41,5.8185678,2,0,2013-10-12
988,989,107.0,1,6,2,10,41,5.8185678,1,0,2013-10-13
989,990,95.0,0,0,2,10,42,5.8185678,1,1,2013-10-14
990,991,74.0,0,1,3,10,42,5.8185678,2,1,2013-10-15
991,992,84.0,0,2,3,10,42,5.8185678,0,0,2013-10-16
992,993,92.0,0,3,3,10,42,5.8185678,0,0,2013-10-17
993,994,75.0,0,4,3,10,42,5.8185678,0,0,2013-10-18
994,995,107.0,1,5,3,10,42,5.7789183,0,0,2013-10-19
995,996,84.0,1,6,3,10,42,5.7789183,0,0,2013-10-20
996,997,85.0,0,0,3,10,43,5.7789183,0,0,2013-10-21
997,998,90.0,0,1,4,10,43,5.7789183,0,0,2013-10-22
998,999,96.0,0,2,4,10,43,5.7789183,0,0,2013-10-23
999,1000,109.0,0,3,4,10,43,5.7789183,0,0,2013-10-24
1000,1001,133.0,0,4,4,10,43,5.7789183,0,0,2013-10-25
1001,1002,146.0,1,5,4,10,43,5.7788296,0,0,2013-10-26
1002,1003,102.0,1,6,4,10,43,5.7788296,0,0,2013-10-27
1003,1004,93.0,0,0,4,10,44,5.7788296,0,0,2013-10-28
1004,1005,83.0,0,1,5,10,44,5.7788296,0,0,2013-10-29
1005,1006,81.0,0,2,5,10,44,5.7788296,0,0,2013-10-30
1006,1007,107.0,0,3,5,10,44,5.7788296,0,1,2013-10-31
1007,1008,144.0,0,4,1,11,44,5.7788296,2,0,2013-11-01
1008,1009,164.0,1,5,1,11,44,5.7922525,2,0,2013-11-02
1009,1010,106.0,1,6,1,11,44,5.7922525,3,0,2013-11-03
1010,1011,86.0,0,0,1,11,45,5.7922525,1,0,2013-11-04
1011,1012,92.0,0,1,1,11,45,5.7922525,3,0,2013-11-05
1012,1013,78.0,0,2,1,11,45,5.7922525,3,0,2013-11-06
1013,1014,82.0,0,3,1,11,45,5.7922525,2,0,2013-11-07
1014,1015,99.0,0,4,2,11,45,5.7922525,2,0,2013-11-08
1015,1016,129.0,1,5,2,11,45,5.784591,3,0,2013-11-09
1016,1017,107.0,1,6,2,11,45,5.784591,1,0,2013-11-10
1017,1018,80.0,0,0,2,11,46,5.784591,2,1,2013-11-11
1018,1019,82.0,0,1,2,11,46,5.784591,2,0,2013-11-12
1019,1020,88.0,0,2,2,11,46,5.784591,1,0,2013-11-13
1020,1021,98.0,0,3,2,11,46,5.784591,1,0,2013-11-14
1021,1022,101.0,0,4,3,11,46,5.784591,2,0,2013-11-15
1022,1023,118.0,1,5,3,11,46,5.784591,0,0,2013-11-16
1023,1024,106.0,1,6,3,11,46,5.784591,0,0,2013-11-17
1024,1025,90.0,0,0,3,11,47,5.784591,0,0,2013-11-18
1025,1026,76.0,0,1,3,11,47,5.784591,0,0,2013-11-19
1026,1027,56.0,0,2,3,11,47,5.784591,0,0,2013-11-20
1027,1028,87.0,0,3,3,11,47,5.784591,0,0,2013-11-21
1028,1029,127.0,0,4,4,11,47,5.784591,0,0,2013-11-22
1029,1030,115.0,1,5,4,11,47,5.784591,0,0,2013-11-23
1030,1031,103.0,1,6,4,11,47,5.784591,0,0,2013-11-24
1031,1032,82.0,0,0,4,11,48,5.784591,0,0,2013-11-25
1032,1033,82.0,0,1,4,11,48,5.784591,0,0,2013-11-26
1033,1034,101.0,0,2,4,11,48,5.784591,0,0,2013-11-27
1034,1035,45.0,0,3,4,11,48,5.784591,0,1,2013-11-28
1035,1036,114.0,0,4,5,11,48,5.784591,0,0,2013-11-29
1036,1037,130.0,1,5,5,11,48,5.7954574,0,0,2013-11-30
1037,1038,132.0,1,6,1,12,48,5.7954574,2,0,2013-12-01
1038,1039,100.0,0,0,1,12,49,5.7954574,2,0,2013-12-02
1039,1040,118.0,0,1,1,12,49,5.7954574,3,0,2013-12-03
1040,1041,97.0,0,2,1,12,49,5.7954574,1,0,2013-12-04
1041,1042,127.0,0,3,1,12,49,5.7954574,3,1,2013-12-05
1042,1043,97.0,0,4,1,12,49,5.7954574,3,0,2013-12-06
1043,1044,118.0,1,5,1,12,49,5.7966,2,0,2013-12-07
1044,1045,84.0,1,6,2,12,49,5.7966,2,0,2013-12-08
1045,1046,69.0,0,0,2,12,50,5.7966,3,0,2013-12-09
1046,1047,84.0,0,1,2,12,50,5.7966,1,0,2013-12-10
1047,1048,75.0,0,2,2,12,50,5.7966,2,0,2013-12-11
1048,1049,78.0,0,3,2,12,50,5.7966,2,0,2013-12-12
1049,1050,134.0,0,4,2,12,50,5.7966,1,0,2013-12-13
1050,1051,110.0,1,5,2,12,50,5.7966,1,0,2013-12-14
1051,1052,98.0,1,6,3,12,50,5.7966,2,0,2013-12-15
1052,1053,105.0,0,0,3,12,51,5.7966,0,0,2013-12-16
1053,1054,74.0,0,1,3,12,51,5.7966,0,0,2013-12-17
1054,1055,106.0,0,2,3,12,51,5.7966,0,0,2013-12-18
1055,1056,106.0,0,3,3,12,51,5.7966,0,0,2013-12-19
1056,1057,99.0,0,4,3,12,51,5.7966,0,0,2013-12-20
1057,1058,121.0,1,5,3,12,51,5.7966,0,0,2013-12-21
1058,1059,45.0,1,6,4,12,51,5.7966,0,0,2013-12-22
1059,1060,87.0,0,0,4,12,52,5.7966,0,0,2013-12-23
1060,1061,81.0,0,1,4,12,52,5.7966,0,0,2013-12-24
1061,1062,0.0,0,2,4,12,52,5.7966,0,1,2013-12-25
1062,1063,88.0,0,3,4,12,52,5.7966,0,0,2013-12-26
1063,1064,100.0,0,4,4,12,52,5.7966,0,0,2013-12-27
1064,1065,98.0,1,5,4,12,52,5.794345,0,0,2013-12-28
1065,1066,72.0,1,6,5,12,52,5.794345,0,0,2013-12-29
1066,1067,101.0,0,0,5,12,1,5.794345,0,0,2013-12-30
1067,1068,89.0,0,1,5,12,1,5.794345,0,0,2013-12-31
1068,1069,60.0,0,2,1,1,1,5.794345,2,1,2014-01-01
1069,1070,99.0,0,3,1,1,1,5.794345,2,0,2014-01-02
1070,1071,123.0,0,4,1,1,1,5.794345,3,0,2014-01-03
1071,1072,145.0,1,5,1,1,1,5.7759924,1,0,2014-01-04
1072,1073,107.0,1,6,1,1,1,5.7759924,3,0,2014-01-05
1073,1074,51.0,0,0,1,1,2,5.7759924,3,0,2014-01-06
1074,1075,72.0,0,1,1,1,2,5.7759924,2,1,2014-01-07
1075,1076,102.0,0,2,2,1,2,5.7759924,2,0,2014-01-08
1076,1077,104.0,0,3,2,1,2,5.7759924,3,0,2014-01-09
1077,1078,82.0,0,4,2,1,2,5.7759924,1,0,2014-01-10
1078,1079,126.0,1,5,2,1,2,5.775455,2,0,2014-01-11
1079,1080,133.0,1,6,2,1,2,5.775455,2,0,2014-01-12
1080,1081,91.0,0,0,2,1,3,5.775455,1,0,2014-01-13
1081,1082,80.0,0,1,2,1,3,5.775455,1,0,2014-01-14
1082,1083,100.0,0,2,3,1,3,5.775455,2,0,2014-01-15
1083,1084,131.0,0,3,3,1,3,5.775455,0,0,2014-01-16
1084,1085,132.0,0,4,3,1,3,5.775455,0,0,2014-01-17
1085,1086,163.0,1,5,3,1,3,5.780995,0,0,2014-01-18
1086,1087,133.0,1,6,3,1,3,5.780995,0,0,2014-01-19
1087,1088,126.0,0,0,3,1,4,5.780995,0,1,2014-01-20
1088,1089,104.0,0,1,3,1,4,5.780995,0,0,2014-01-21
1089,1090,90.0,0,2,4,1,4,5.780995,0,0,2014-01-22
1090,1091,107.0,0,3,4,1,4,5.780995,0,0,2014-01-23
1091,1092,105.0,0,4,4,1,4,5.780995,0,0,2014-01-24
1092,1093,120.0,1,5,4,1,4,5.783237,0,0,2014-01-25
1093,1094,98.0,1,6,4,1,4,5.783237,0,0,2014-01-26
1094,1095,69.0,0,0,4,1,5,5.783237,0,0,2014-01-27
1095,1096,77.0,0,1,4,1,5,5.783237,0,0,2014-01-28
1096,1097,94.0,0,2,5,1,5,5.783237,0,0,2014-01-29
1097,1098,74.0,0,3,5,1,5,5.783237,0,0,2014-01-30
1098,1099,139.0,0,4,5,1,5,5.783237,0,0,2014-01-31
1099,1100,138.0,1,5,1,2,5,5.7782636,2,0,2014-02-01
