M5-FITS/processed/v1/data_train_WI_2_HOUSEHOLD_2.csv
,d,sales,tm_w_end,tm_dw,tm_wm,tm_m,tm_w,sell_price,snap_count,is_event,date
1447,1448,111.0,0,3,3,1,3,5.757493,2,0,2015-01-15
1448,1449,158.0,0,4,3,1,3,5.757493,0,0,2015-01-16
1449,1450,127.0,1,5,3,1,3,5.7555513,0,0,2015-01-17
1450,1451,98.0,1,6,3,1,3,5.7555513,0,0,2015-01-18
1451,1452,93.0,0,0,3,1,4,5.7555513,0,1,2015-01-19
1452,1453,70.0,0,1,3,1,4,5.7555513,0,0,2015-01-20
1453,1454,72.0,0,2,3,1,4,5.7555513,0,0,2015-01-21
1454,1455,101.0,0,3,4,1,4,5.7555513,0,0,2015-01-22
1455,1456,105.0,0,4,4,1,4,5.7555513,0,0,2015-01-23
1456,1457,137.0,1,5,4,1,4,5.761901,0,0,2015-01-24
1457,1458,155.0,1,6,4,1,4,5.761901,0,0,2015-01-25
1458,1459,86.0,0,0,4,1,5,5.761901,0,0,2015-01-26
1459,1460,98.0,0,1,4,1,5,5.761901,0,0,2015-01-27
1460,1461,99.0,0,2,4,1,5,5.761901,0,0,2015-01-28
1461,1462,112.0,0,3,5,1,5,5.761901,0,0,2015-01-29
1462,1463,163.0,0,4,5,1,5,5.761901,0,0,2015-01-30
1463,1464,243.0,1,5,5,1,5,5.753929,0,0,2015-01-31
1464,1465,71.0,1,6,1,2,5,5.753929,2,1,2015-02-01
1465,1466,128.0,0,0,1,2,6,5.753929,2,0,2015-02-02
1466,1467,129.0,0,1,1,2,6,5.753929,3,0,2015-02-03
1467,1468,152.0,0,2,1,2,6,5.753929,1,0,2015-02-04
1468,1469,107.0,0,3,1,2,6,5.753929,3,0,2015-02-05
1469,1470,128.0,0,4,1,2,6,5.753929,3,0,2015-02-06
1470,1471,181.0,1,5,1,2,6,5.75267,2,0,2015-02-07
1471,1472,159.0,1,6,2,2,6,5.75267,2,0,2015-02-08
1472,1473,102.0,0,0,2,2,7,5.75267,3,0,2015-02-09
1473,1474,94.0,0,1,2,2,7,5.75267,1,0,2015-02-10
1474,1475,137.0,0,2,2,2,7,5.75267,2,0,2015-02-11
1475,1476,128.0,0,3,2,2,7,5.75267,2,0,2015-02-12
1476,1477,122.0,0,4,2,2,7,5.75267,1,0,2015-02-13
1477,1478,144.0,1,5,2,2,7,5.7558017,1,1,2015-02-14
1478,1479,138.0,1,6,3,2,7,5.7558017,2,0,2015-02-15
1479,1480,125.0,0,0,3,2,8,5.7558017,0,1,2015-02-16
1480,1481,111.0,0,1,3,2,8,5.7558017,0,0,2015-02-17
1481,1482,97.0,0,2,3,2,8,5.7558017,0,1,2015-02-18
1482,1483,78.0,0,3,3,2,8,5.7558017,0,0,2015-02-19
1483,1484,102.0,0,4,3,2,8,5.7558017,0,0,2015-02-20
1484,1485,160.0,1,5,3,2,8,5.7553387,0,0,2015-02-21
1485,1486,176.0,1,6,4,2,8,5.7553387,0,0,2015-02-22
1486,1487,91.0,0,0,4,2,9,5.7553387,0,0,2015-02-23
1487,1488,130.0,0,1,4,2,9,5.7553387,0,0,2015-02-24
1488,1489,112.0,0,2,4,2,9,5.7553387,0,1,2015-02-25
1489,1490,103.0,0,3,4,2,9,5.7553387,0,0,2015-02-26
1490,1491,179.0,0,4,4,2,9,5.7553387,0,0,2015-02-27
1491,1492,210.0,1,5,4,2,9,5.757895,0,0,2015-02-28
1492,1493,176.0,1,6,1,3,9,5.757895,2,0,2015-03-01
1493,1494,120.0,0,0,1,3,10,5.757895,2,0,2015-03-02
1494,1495,120.0,0,1,1,3,10,5.757895,3,0,2015-03-03
1495,1496,120.0,0,2,1,3,10,5.757895,1,0,2015-03-04
1496,1497,102.0,0,3,1,3,10,5.757895,3,1,2015-03-05
1497,1498,140.0,0,4,1,3,10,5.757895,3,0,2015-03-06
1498,1499,156.0,1,5,1,3,10,5.7589808,2,0,2015-03-07
1499,1500,155.0,1,6,2,3,10,5.7589808,2,0,2015-03-08
1500,1501,105.0,0,0,2,3,11,5.7589808,3,0,2015-03-09
1501,1502,105.0,0,1,2,3,11,5.7589808,1,0,2015-03-10
1502,1503,128.0,0,2,2,3,11,5.7589808,2,0,2015-03-11
1503,1504,137.0,0,3,2,3,11,5.7589808,2,0,2015-03-12
1504,1505,106.0,0,4,2,3,11,5.7589808,1,0,2015-03-13
1505,1506,169.0,1,5,2,3,11,5.8137665,1,0,2015-03-14
1506,1507,141.0,1,6,3,3,11,5.8137665,2,0,2015-03-15
1507,1508,105.0,0,0,3,3,12,5.8137665,0,0,2015-03-16
1508,1509,89.0,0,1,3,3,12,5.8137665,0,1,2015-03-17
1509,1510,101.0,0,2,3,3,12,5.8137665,0,0,2015-03-18
1510,1511,103.0,0,3,3,3,12,5.8137665,0,0,2015-03-19
1511,1512,96.0,0,4,3,3,12,5.8137665,0,0,2015-03-20
1512,1513,150.0,1,5,3,3,12,5.7398057,0,0,2015-03-21
1513,1514,137.0,1,6,4,3,12,5.7398057,0,0,2015-03-22
1514,1515,89.0,0,0,4,3,13,5.7398057,0,0,2015-03-23
1515,1516,110.0,0,1,4,3,13,5.7398057,0,0,2015-03-24
1516,1517,106.0,0,2,4,3,13,5.7398057,0,0,2015-03-25
1517,1518,114.0,0,3,4,3,13,5.7398057,0,0,2015-03-26
1518,1519,138.0,0,4,4,3,13,5.7398057,0,0,2015-03-27
1519,1520,139.0,1,5,4,3,13,5.745692,0,0,2015-03-28
1520,1521,131.0,1,6,5,3,13,5.745692,0,0,2015-03-29
1521,1522,104.0,0,0,5,3,14,5.745692,0,0,2015-03-30
1522,1523,127.0,0,1,5,3,14,5.745692,0,0,2015-03-31
1523,1524,132.0,0,2,1,4,14,5.745692,2,0,2015-04-01
1524,1525,124.0,0,3,1,4,14,5.745692,2,0,2015-04-02
1525,1526,169.0,0,4,1,4,14,5.745692,3,0,2015-04-03
1526,1527,143.0,1,5,1,4,14,5.7437954,1,0,2015-04-04
1527,1528,135.0,1,6,1,4,14,5.7437954,3,1,2015-04-05
1528,1529,100.0,0,0,1,4,15,5.7437954,3,0,2015-04-06
1529,1530,109.0,0,1,1,4,15,5.7437954,2,0,2015-04-07
1530,1531,89.0,0,2,2,4,15,5.7437954,2,0,2015-04-08
1531,1532,107.0,0,3,2,4,15,5.7437954,3,0,2015-04-09
1532,1533,143.0,0,4,2,4,15,5.7437954,1,0,2015-04-10
1533,1534,170.0,1,5,2,4,15,5.7437954,2,1,2015-04-11
1534,1535,132.0,1,6,2,4,15,5.7437954,2,1,2015-04-12
1535,1536,109.0,0,0,2,4,16,5.7437954,1,0,2015-04-13
1536,1537,85.0,0,1,2,4,16,5.7437954,1,0,2015-04-14
1537,1538,107.0,0,2,3,4,16,5.7437954,2,0,2015-04-15
1538,1539,117.0,0,3,3,4,16,5.7437954,0,0,2015-04-16
1539,1540,104.0,0,4,3,4,16,5.7437954,0,0,2015-04-17
1540,1541,106.0,1,5,3,4,16,5.7581906,0,0,2015-04-18
1541,1542,127.0,1,6,3,4,16,5.7581906,0,0,2015-04-19
1542,1543,97.0,0,0,3,4,17,5.7581906,0,0,2015-04-20
1543,1544,96.0,0,1,3,4,17,5.7581906,0,0,2015-04-21
1544,1545,136.0,0,2,4,4,17,5.7581906,0,0,2015-04-22
1545,1546,124.0,0,3,4,4,17,5.7581906,0,0,2015-04-23
1546,1547,134.0,0,4,4,4,17,5.7581906,0,0,2015-04-24
1547,1548,155.0,1,5,4,4,17,5.753783,0,0,2015-04-25
1548,1549,151.0,1,6,4,4,17,5.753783,0,0,2015-04-26
1549,1550,90.0,0,0,4,4,18,5.753783,0,0,2015-04-27
1550,1551,109.0,0,1,4,4,18,5.753783,0,0,2015-04-28
1551,1552,94.0,0,2,5,4,18,5.753783,0,0,2015-04-29
1552,1553,107.0,0,3,5,4,18,5.753783,0,0,2015-04-30
1553,1554,147.0,0,4,1,5,18,5.753783,2,0,2015-05-01
1554,1555,161.0,1,5,1,5,18,5.7535934,2,0,2015-05-02
1555,1556,129.0,1,6,1,5,18,5.7535934,3,0,2015-05-03
1556,1557,141.0,0,0,1,5,19,5.7535934,1,0,2015-05-04
1557,1558,114.0,0,1,1,5,19,5.7535934,3,1,2015-05-05
1558,1559,99.0,0,2,1,5,19,5.7535934,3,0,2015-05-06
1559,1560,131.0,0,3,1,5,19,5.7535934,2,0,2015-05-07
1560,1561,140.0,0,4,2,5,19,5.7535934,2,0,2015-05-08
1561,1562,180.0,1,5,2,5,19,5.7610884,3,0,2015-05-09
1562,1563,110.0,1,6,2,5,19,5.7610884,1,1,2015-05-10
1563,1564,92.0,0,0,2,5,20,5.7610884,2,0,2015-05-11
1564,1565,114.0,0,1,2,5,20,5.7610884,2,0,2015-05-12
1565,1566,105.0,0,2,2,5,20,5.7610884,1,0,2015-05-13
1566,1567,93.0,0,3,2,5,20,5.7610884,1,0,2015-05-14
1567,1568,123.0,0,4,3,5,20,5.7610884,2,0,2015-05-15
1568,1569,134.0,1,5,3,5,20,5.7645254,0,0,2015-05-16
1569,1570,107.0,1,6,3,5,20,5.7645254,0,0,2015-05-17
1570,1571,82.0,0,0,3,5,21,5.7645254,0,0,2015-05-18
1571,1572,104.0,0,1,3,5,21,5.7645254,0,0,2015-05-19
1572,1573,129.0,0,2,3,5,21,5.7645254,0,0,2015-05-20
1573,1574,81.0,0,3,3,5,21,5.7645254,0,0,2015-05-21
1574,1575,110.0,0,4,4,5,21,5.7645254,0,0,2015-05-22
1575,1576,105.0,1,5,4,5,21,5.7645254,0,0,2015-05-23
1576,1577,95.0,1,6,4,5,21,5.7645254,0,0,2015-05-24
1577,1578,98.0,0,0,4,5,22,5.7645254,0,1,2015-05-25
1578,1579,115.0,0,1,4,5,22,5.7645254,0,0,2015-05-26
1579,1580,98.0,0,2,4,5,22,5.7645254,0,0,2015-05-27
1580,1581,96.0,0,3,4,5,22,5.7645254,0,0,2015-05-28
1581,1582,116.0,0,4,5,5,22,5.7645254,0,0,2015-05-29
1582,1583,137.0,1,5,5,5,22,5.7645254,0,0,2015-05-30
1583,1584,132.0,1,6,5,5,22,5.7645254,0,0,2015-05-31
1584,1585,142.0,0,0,1,6,23,5.7645254,2,0,2015-06-01
1585,1586,116.0,0,1,1,6,23,5.7645254,2,0,2015-06-02
1586,1587,141.0,0,2,1,6,23,5.7645254,3,0,2015-06-03
1587,1588,125.0,0,3,1,6,23,5.7645254,1,1,2015-06-04
1588,1589,121.0,0,4,1,6,23,5.7645254,3,0,2015-06-05
1589,1590,136.0,1,5,1,6,23,5.7572966,3,0,2015-06-06
1590,1591,128.0,1,6,1,6,23,5.7572966,2,0,2015-06-07
1591,1592,132.0,0,0,2,6,24,5.7572966,2,0,2015-06-08
1592,1593,91.0,0,1,2,6,24,5.7572966,3,0,2015-06-09
1593,1594,106.0,0,2,2,6,24,5.7572966,1,0,2015-06-10
1594,1595,94.0,0,3,2,6,24,5.7572966,2,0,2015-06-11
1595,1596,141.0,0,4,2,6,24,5.7572966,2,0,2015-06-12
1596,1597,129.0,1,5,2,6,24,5.7656326,1,0,2015-06-13
1597,1598,106.0,1,6,2,6,24,5.7656326,1,0,2015-06-14
1598,1599,104.0,0,0,3,6,25,5.7656326,2,0,2015-06-15
1599,1600,93.0,0,1,3,6,25,5.7656326,0,1,2015-06-16
1600,1601,116.0,0,2,3,6,25,5.7656326,0,0,2015-06-17
1601,1602,130.0,0,3,3,6,25,5.7656326,0,1,2015-06-18
1602,1603,156.0,0,4,3,6,25,5.7656326,0,0,2015-06-19
1603,1604,121.0,1,5,3,6,25,5.7656326,0,0,2015-06-20
1604,1605,109.0,1,6,3,6,25,5.7656326,0,1,2015-06-21
1605,1606,122.0,0,0,4,6,26,5.7656326,0,0,2015-06-22
1606,1607,89.0,0,1,4,6,26,5.7656326,0,0,2015-06-23
1607,1608,99.0,0,2,4,6,26,5.7656326,0,0,2015-06-24
1608,1609,82.0,0,3,4,6,26,5.7656326,0,0,2015-06-25
1609,1610,114.0,0,4,4,6,26,5.7656326,0,0,2015-06-26
1610,1611,139.0,1,5,4,6,26,5.777526,0,0,2015-06-27
1611,1612,111.0,1,6,4,6,26,5.777526,0,0,2015-06-28
1612,1613,114.0,0,0,5,6,27,5.777526,0,0,2015-06-29
1613,1614,105.0,0,1,5,6,27,5.777526,0,0,2015-06-30
1614,1615,138.0,0,2,1,7,27,5.777526,2,0,2015-07-01
1615,1616,144.0,0,3,1,7,27,5.777526,2,0,2015-07-02
1616,1617,145.0,0,4,1,7,27,5.777526,3,0,2015-07-03
1617,1618,106.0,1,5,1,7,27,5.779733,1,1,2015-07-04
1618,1619,120.0,1,6,1,7,27,5.779733,3,0,2015-07-05
1619,1620,121.0,0,0,1,7,28,5.779733,3,0,2015-07-06
1620,1621,112.0,0,1,1,7,28,5.779733,2,0,2015-07-07
1621,1622,117.0,0,2,2,7,28,5.779733,2,0,2015-07-08
1622,1623,85.0,0,3,2,7,28,5.779733,3,0,2015-07-09
1623,1624,118.0,0,4,2,7,28,5.779733,1,0,2015-07-10
1624,1625,117.0,1,5,2,7,28,5.7864304,2,0,2015-07-11
1625,1626,100.0,1,6,2,7,28,5.7864304,2,0,2015-07-12
1626,1627,112.0,0,0,2,7,29,5.7864304,1,0,2015-07-13
1627,1628,91.0,0,1,2,7,29,5.7864304,1,0,2015-07-14
1628,1629,89.0,0,2,3,7,29,5.7864304,2,0,2015-07-15
1629,1630,115.0,0,3,3,7,29,5.7864304,0,0,2015-07-16
1630,1631,125.0,0,4,3,7,29,5.7864304,0,0,2015-07-17
1631,1632,122.0,1,5,3,7,29,5.7895026,0,1,2015-07-18
1632,1633,121.0,1,6,3,7,29,5.7895026,0,0,2015-07-19
1633,1634,103.0,0,0,3,7,30,5.7895026,0,0,2015-07-20
1634,1635,107.0,0,1,3,7,30,5.7895026,0,0,2015-07-21
1635,1636,99.0,0,2,4,7,30,5.7895026,0,0,2015-07-22
1636,1637,116.0,0,3,4,7,30,5.7895026,0,0,2015-07-23
1637,1638,112.0,0,4,4,7,30,5.7895026,0,0,2015-07-24
1638,1639,94.0,1,5,4,7,30,5.7890778,0,0,2015-07-25
1639,1640,140.0,1,6,4,7,30,5.7890778,0,0,2015-07-26
1640,1641,118.0,0,0,4,7,31,5.7890778,0,0,2015-07-27
1641,1642,78.0,0,1,4,7,31,5.7890778,0,0,2015-07-28
1642,1643,91.0,0,2,5,7,31,5.7890778,0,0,2015-07-29
1643,1644,120.0,0,3,5,7,31,5.7890778,0,0,2015-07-30
1644,1645,187.0,0,4,5,7,31,5.7890778,0,0,2015-07-31
1645,1646,160.0,1,5,1,8,31,5.7881827,2,0,2015-08-01
1646,1647,153.0,1,6,1,8,31,5.7881827,2,0,2015-08-02
1647,1648,136.0,0,0,1,8,32,5.7881827,3,0,2015-08-03
1648,1649,136.0,0,1,1,8,32,5.7881827,1,0,2015-08-04
1649,1650,84.0,0,2,1,8,32,5.7881827,3,0,2015-08-05
1650,1651,103.0,0,3,1,8,32,5.7881827,3,0,2015-08-06
1651,1652,106.0,0,4,1,8,32,5.7881827,2,0,2015-08-07
1652,1653,119.0,1,5,2,8,32,5.787773,2,0,2015-08-08
1653,1654,135.0,1,6,2,8,32,5.787773,3,0,2015-08-09
1654,1655,84.0,0,0,2,8,33,5.787773,1,0,2015-08-10
1655,1656,87.0,0,1,2,8,33,5.787773,2,0,2015-08-11
1656,1657,117.0,0,2,2,8,33,5.787773,2,0,2015-08-12
1657,1658,124.0,0,3,2,8,33,5.787773,1,0,2015-08-13
1658,1659,166.0,0,4,2,8,33,5.787773,1,0,2015-08-14
1659,1660,172.0,1,5,3,8,33,5.789851,2,0,2015-08-15
1660,1661,143.0,1,6,3,8,33,5.789851,0,0,2015-08-16
1661,1662,115.0,0,0,3,8,34,5.789851,0,0,2015-08-17
1662,1663,118.0,0,1,3,8,34,5.789851,0,0,2015-08-18
1663,1664,117.0,0,2,3,8,34,5.789851,0,0,2015-08-19
1664,1665,106.0,0,3,3,8,34,5.789851,0,0,2015-08-20
1665,1666,110.0,0,4,3,8,34,5.789851,0,0,2015-08-21
1666,1667,139.0,1,5,4,8,34,5.7878413,0,0,2015-08-22
1667,1668,168.0,1,6,4,8,34,5.7878413,0,0,2015-08-23
1668,1669,125.0,0,0,4,8,35,5.7878413,0,0,2015-08-24
1669,1670,98.0,0,1,4,8,35,5.7878413,0,0,2015-08-25
1670,1671,109.0,0,2,4,8,35,5.7878413,0,0,2015-08-26
1671,1672,154.0,0,3,4,8,35,5.7878413,0,0,2015-08-27
1672,1673,135.0,0,4,4,8,35,5.7878413,0,0,2015-08-28
1673,1674,155.0,1,5,5,8,35,5.784906,0,0,2015-08-29
1674,1675,165.0,1,6,5,8,35,5.784906,0,0,2015-08-30
1675,1676,179.0,0,0,5,8,36,5.784906,0,0,2015-08-31
1676,1677,202.0,0,1,1,9,36,5.784906,2,0,2015-09-01
1677,1678,116.0,0,2,1,9,36,5.784906,2,0,2015-09-02
1678,1679,155.0,0,3,1,9,36,5.784906,3,0,2015-09-03
1679,1680,152.0,0,4,1,9,36,5.784906,1,0,2015-09-04
1680,1681,157.0,1,5,1,9,36,5.788698,3,0,2015-09-05
1681,1682,122.0,1,6,1,9,36,5.788698,3,0,2015-09-06
1682,1683,105.0,0,0,1,9,37,5.788698,2,1,2015-09-07
1683,1684,108.0,0,1,2,9,37,5.788698,2,0,2015-09-08
1684,1685,111.0,0,2,2,9,37,5.788698,3,0,2015-09-09
1685,1686,119.0,0,3,2,9,37,5.788698,1,0,2015-09-10
1686,1687,128.0,0,4,2,9,37,5.788698,2,0,2015-09-11
1687,1688,158.0,1,5,2,9,37,5.787477,2,0,2015-09-12
1688,1689,156.0,1,6,2,9,37,5.787477,1,0,2015-09-13
1689,1690,100.0,0,0,2,9,38,5.787477,1,0,2015-09-14
1690,1691,124.0,0,1,3,9,38,5.787477,2,0,2015-09-15
1691,1692,125.0,0,2,3,9,38,5.787477,0,0,2015-09-16
1692,1693,103.0,0,3,3,9,38,5.787477,0,0,2015-09-17
1693,1694,129.0,0,4,3,9,38,5.787477,0,0,2015-09-18
1694,1695,130.0,1,5,3,9,38,5.7802525,0,0,2015-09-19
1695,1696,127.0,1,6,3,9,38,5.7802525,0,0,2015-09-20
1696,1697,116.0,0,0,3,9,39,5.7802525,0,0,2015-09-21
1697,1698,76.0,0,1,4,9,39,5.7802525,0,0,2015-09-22
1698,1699,90.0,0,2,4,9,39,5.7802525,0,0,2015-09-23
1699,1700,108.0,0,3,4,9,39,5.7802525,0,1,2015-09-24
1700,1701,138.0,0,4,4,9,39,5.7802525,0,0,2015-09-25
1701,1702,140.0,1,5,4,9,39,5.790253,0,0,2015-09-26
1702,1703,148.0,1,6,4,9,39,5.790253,0,0,2015-09-27
1703,1704,83.0,0,0,4,9,40,5.790253,0,0,2015-09-28
1704,1705,65.0,0,1,5,9,40,5.790253,0,0,2015-09-29
1705,1706,118.0,0,2,5,9,40,5.790253,0,0,2015-09-30
1706,1707,145.0,0,3,1,10,40,5.790253,2,0,2015-10-01
1707,1708,164.0,0,4,1,10,40,5.790253,2,0,2015-10-02
1708,1709,194.0,1,5,1,10,40,5.8214884,3,0,2015-10-03
1709,1710,145.0,1,6,1,10,40,5.8214884,1,0,2015-10-04
1710,1711,108.0,0,0,1,10,41,5.8214884,3,0,2015-10-05
1711,1712,109.0,0,1,1,10,41,5.8214884,3,0,2015-10-06
1712,1713,90.0,0,2,1,10,41,5.8214884,2,0,2015-10-07
1713,1714,110.0,0,3,2,10,41,5.8214884,2,0,2015-10-08
1714,1715,108.0,0,4,2,10,41,5.8214884,3,0,2015-10-09
1715,1716,155.0,1,5,2,10,41,5.790822,1,0,2015-10-10
1716,1717,150.0,1,6,2,10,41,5.790822,2,0,2015-10-11
1717,1718,92.0,0,0,2,10,42,5.790822,2,1,2015-10-12
1718,1719,90.0,0,1,2,10,42,5.790822,1,0,2015-10-13
1719,1720,98.0,0,2,2,10,42,5.790822,1,0,2015-10-14
1720,1721,118.0,0,3,3,10,42,5.790822,2,0,2015-10-15
1721,1722,122.0,0,4,3,10,42,5.790822,0,0,2015-10-16
1722,1723,171.0,1,5,3,10,42,5.790822,0,0,2015-10-17
1723,1724,117.0,1,6,3,10,42,5.790822,0,0,2015-10-18
1724,1725,85.0,0,0,3,10,43,5.790822,0,0,2015-10-19
1725,1726,95.0,0,1,3,10,43,5.790822,0,0,2015-10-20
1726,1727,102.0,0,2,3,10,43,5.790822,0,0,2015-10-21
1727,1728,102.0,0,3,4,10,43,5.790822,0,0,2015-10-22
1728,1729,110.0,0,4,4,10,43,5.790822,0,0,2015-10-23
1729,1730,156.0,1,5,4,10,43,5.790701,0,0,2015-10-24
1730,1731,114.0,1,6,4,10,43,5.790701,0,0,2015-10-25
1731,1732,105.0,0,0,4,10,44,5.790701,0,0,2015-10-26
1732,1733,70.0,0,1,4,10,44,5.790701,0,0,2015-10-27
1733,1734,90.0,0,2,4,10,44,5.790701,0,0,2015-10-28
1734,1735,134.0,0,3,5,10,44,5.790701,0,0,2015-10-29
1735,1736,187.0,0,4,5,10,44,5.790701,0,0,2015-10-30
1736,1737,154.0,1,5,5,10,44,5.7896543,0,1,2015-10-31
1737,1738,165.0,1,6,1,11,44,5.7896543,2,0,2015-11-01
1738,1739,115.0,0,0,1,11,45,5.7896543,2,0,2015-11-02
1739,1740,133.0,0,1,1,11,45,5.7896543,3,0,2015-11-03
1740,1741,120.0,0,2,1,11,45,5.7896543,1,0,2015-11-04
1741,1742,99.0,0,3,1,11,45,5.7896543,3,0,2015-11-05
1742,1743,140.0,0,4,1,11,45,5.7896543,3,0,2015-11-06
1743,1744,158.0,1,5,1,11,45,5.7896543,2,0,2015-11-07
1744,1745,148.0,1,6,2,11,45,5.7896543,2,0,2015-11-08
1745,1746,96.0,0,0,2,11,46,5.7896543,3,0,2015-11-09
1746,1747,108.0,0,1,2,11,46,5.7896543,1,0,2015-11-10
1747,1748,106.0,0,2,2,11,46,5.7896543,2,1,2015-11-11
1748,1749,96.0,0,3,2,11,46,5.7896543,2,0,2015-11-12
1749,1750,150.0,0,4,2,11,46,5.7896543,1,0,2015-11-13
1750,1751,144.0,1,5,2,11,46,5.789639,1,0,2015-11-14
1751,1752,135.0,1,6,3,11,46,5.789639,2,0,2015-11-15
1752,1753,106.0,0,0,3,11,47,5.789639,0,0,2015-11-16
1753,1754,78.0,0,1,3,11,47,5.789639,0,0,2015-11-17
1754,1755,122.0,0,2,3,11,47,5.789639,0,0,2015-11-18
1755,1756,101.0,0,3,3,11,47,5.789639,0,0,2015-11-19
1756,1757,151.0,0,4,3,11,47,5.789639,0,0,2015-11-20
1757,1758,118.0,1,5,3,11,47,5.789639,0,0,2015-11-21
1758,1759,126.0,1,6,4,11,47,5.789639,0,0,2015-11-22
1759,1760,97.0,0,0,4,11,48,5.789639,0,0,2015-11-23
1760,1761,83.0,0,1,4,11,48,5.789639,0,0,2015-11-24
1761,1762,80.0,0,2,4,11,48,5.789639,0,0,2015-11-25
1762,1763,36.0,0,3,4,11,48,5.789639,0,1,2015-11-26
1763,1764,111.0,0,4,4,11,48,5.789639,0,0,2015-11-27
1764,1765,101.0,1,5,4,11,48,5.7876973,0,0,2015-11-28
1765,1766,129.0,1,6,5,11,48,5.7876973,0,0,2015-11-29
1766,1767,89.0,0,0,5,11,49,5.7876973,0,0,2015-11-30
1767,1768,129.0,0,1,1,12,49,5.7876973,2,0,2015-12-01
1768,1769,112.0,0,2,1,12,49,5.7876973,2,0,2015-12-02
1769,1770,163.0,0,3,1,12,49,5.7876973,3,0,2015-12-03
1770,1771,147.0,0,4,1,12,49,5.7876973,1,0,2015-12-04
1771,1772,148.0,1,5,1,12,49,5.7876973,3,0,2015-12-05
1772,1773,155.0,1,6,1,12,49,5.7876973,3,0,2015-12-06
1773,1774,109.0,0,0,1,12,50,5.7876973,2,0,2015-12-07
1774,1775,90.0,0,1,2,12,50,5.7876973,2,0,2015-12-08
1775,1776,89.0,0,2,2,12,50,5.7876973,3,0,2015-12-09
1776,1777,89.0,0,3,2,12,50,5.7876973,1,0,2015-12-10
1777,1778,128.0,0,4,2,12,50,5.7876973,2,0,2015-12-11
1778,1779,147.0,1,5,2,12,50,5.7876973,2,0,2015-12-12
1779,1780,125.0,1,6,2,12,50,5.7876973,1,0,2015-12-13
1780,1781,97.0,0,0,2,12,51,5.7876973,1,1,2015-12-14
1781,1782,101.0,0,1,3,12,51,5.7876973,2,0,2015-12-15
1782,1783,103.0,0,2,3,12,51,5.7876973,0,0,2015-12-16
1783,1784,100.0,0,3,3,12,51,5.7876973,0,0,2015-12-17
1784,1785,124.0,0,4,3,12,51,5.7876973,0,0,2015-12-18
1785,1786,133.0,1,5,3,12,51,5.79061,0,0,2015-12-19
1786,1787,114.0,1,6,3,12,51,5.79061,0,0,2015-12-20
1787,1788,99.0,0,0,3,12,52,5.79061,0,0,2015-12-21
1788,1789,114.0,0,1,4,12,52,5.79061,0,0,2015-12-22
1789,1790,119.0,0,2,4,12,52,5.79061,0,0,2015-12-23
1790,1791,123.0,0,3,4,12,52,5.79061,0,0,2015-12-24
1791,1792,0.0,0,4,4,12,52,5.79061,0,1,2015-12-25
1792,1793,103.0,1,5,4,12,52,5.79061,0,0,2015-12-26
1793,1794,98.0,1,6,4,12,52,5.79061,0,0,2015-12-27
