M5-FITS/processed/v1/data_train_WI_2_HOUSEHOLD_2.csv
,d,sales,tm_w_end,tm_dw,tm_wm,tm_m,tm_w,sell_price,snap_count,is_event,date
1794,1795,49.0,0,0,4,12,53,5.79061,0,0,2015-12-28
1795,1796,82.0,0,1,5,12,53,5.79061,0,0,2015-12-29
1796,1797,114.0,0,2,5,12,53,5.79061,0,0,2015-12-30
1797,1798,158.0,0,3,5,12,53,5.79061,0,0,2015-12-31
1798,1799,115.0,0,4,1,1,53,5.79061,2,1,2016-01-01
1799,1800,138.0,1,5,1,1,53,5.79061,2,0,2016-01-02
1800,1801,130.0,1,6,1,1,53,5.79061,3,0,2016-01-03
1801,1802,120.0,0,0,1,1,1,5.79061,1,0,2016-01-04
1802,1803,96.0,0,1,1,1,1,5.79061,3,0,2016-01-05
1803,1804,110.0,0,2,1,1,1,5.79061,3,0,2016-01-06
1804,1805,98.0,0,3,1,1,1,5.79061,2,1,2016-01-07
1805,1806,73.0,0,4,2,1,1,5.79061,2,0,2016-01-08
1806,1807,118.0,1,5,2,1,1,5.790629,3,0,2016-01-09
1807,1808,109.0,1,6,2,1,1,5.790629,1,0,2016-01-10
1808,1809,81.0,0,0,2,1,2,5.790629,2,0,2016-01-11
1809,1810,106.0,0,1,2,1,2,5.790629,2,0,2016-01-12
1810,1811,83.0,0,2,2,1,2,5.790629,1,0,2016-01-13
1811,1812,139.0,0,3,2,1,2,5.790629,1,0,2016-01-14
1812,1813,143.0,0,4,3,1,2,5.790629,2,0,2016-01-15
1813,1814,154.0,1,5,3,1,2,5.7829223,0,0,2016-01-16
1814,1815,109.0,1,6,3,1,2,5.7829223,0,0,2016-01-17
1815,1816,114.0,0,0,3,1,3,5.7829223,0,1,2016-01-18
1816,1817,108.0,0,1,3,1,3,5.7829223,0,0,2016-01-19
1817,1818,126.0,0,2,3,1,3,5.7829223,0,0,2016-01-20
1818,1819,115.0,0,3,3,1,3,5.7829223,0,0,2016-01-21
1819,1820,113.0,0,4,4,1,3,5.7829223,0,0,2016-01-22
1820,1821,157.0,1,5,4,1,3,5.7829223,0,0,2016-01-23
1821,1822,178.0,1,6,4,1,3,5.7829223,0,0,2016-01-24
1822,1823,99.0,0,0,4,1,4,5.7829223,0,0,2016-01-25
1823,1824,110.0,0,1,4,1,4,5.7829223,0,0,2016-01-26
1824,1825,119.0,0,2,4,1,4,5.7829223,0,0,2016-01-27
1825,1826,118.0,0,3,4,1,4,5.7829223,0,0,2016-01-28
1826,1827,139.0,0,4,5,1,4,5.7829223,0,0,2016-01-29
1827,1828,167.0,1,5,5,1,4,5.7778482,0,0,2016-01-30
1828,1829,157.0,1,6,5,1,4,5.7778482,0,0,2016-01-31
1829,1830,175.0,0,0,1,2,5,5.7778482,2,0,2016-02-01
1830,1831,110.0,0,1,1,2,5,5.7778482,2,0,2016-02-02
1831,1832,144.0,0,2,1,2,5,5.7778482,3,0,2016-02-03
1832,1833,142.0,0,3,1,2,5,5.7778482,1,0,2016-02-04
1833,1834,130.0,0,4,1,2,5,5.7778482,3,0,2016-02-05
1834,1835,180.0,1,5,1,2,5,5.776274,3,0,2016-02-06
1835,1836,142.0,1,6,1,2,5,5.776274,2,1,2016-02-07
1836,1837,131.0,0,0,2,2,6,5.776274,2,0,2016-02-08
1837,1838,116.0,0,1,2,2,6,5.776274,3,0,2016-02-09
1838,1839,135.0,0,2,2,2,6,5.776274,1,1,2016-02-10
1839,1840,196.0,0,3,2,2,6,5.776274,2,0,2016-02-11
1840,1841,196.0,0,4,2,2,6,5.776274,2,0,2016-02-12
1841,1842,244.0,1,5,2,2,6,5.7822323,1,0,2016-02-13
1842,1843,153.0,1,6,2,2,6,5.7822323,1,1,2016-02-14
1843,1844,157.0,0,0,3,2,7,5.7822323,2,1,2016-02-15
1844,1845,117.0,0,1,3,2,7,5.7822323,0,0,2016-02-16
1845,1846,142.0,0,2,3,2,7,5.7822323,0,1,2016-02-17
1846,1847,146.0,0,3,3,2,7,5.7822323,0,0,2016-02-18
1847,1848,181.0,0,4,3,2,7,5.7822323,0,0,2016-02-19
1848,1849,192.0,1,5,3,2,7,5.7802906,0,0,2016-02-20
1849,1850,191.0,1,6,3,2,7,5.7802906,0,0,2016-02-21
1850,1851,156.0,0,0,4,2,8,5.7802906,0,0,2016-02-22
1851,1852,154.0,0,1,4,2,8,5.7802906,0,0,2016-02-23
1852,1853,135.0,0,2,4,2,8,5.7802906,0,0,2016-02-24
1853,1854,188.0,0,3,4,2,8,5.7802906,0,0,2016-02-25
1854,1855,163.0,0,4,4,2,8,5.7802906,0,0,2016-02-26
1855,1856,174.0,1,5,4,2,8,5.774564,0,0,2016-02-27
1856,1857,166.0,1,6,4,2,8,5.774564,0,0,2016-02-28
1857,1858,134.0,0,0,5,2,9,5.774564,0,0,2016-02-29
1858,1859,134.0,0,1,1,3,9,5.774564,2,0,2016-03-01
1859,1860,150.0,0,2,1,3,9,5.774564,2,0,2016-03-02
1860,1861,186.0,0,3,1,3,9,5.774564,3,0,2016-03-03
1861,1862,163.0,0,4,1,3,9,5.774564,1,0,2016-03-04
1862,1863,175.0,1,5,1,3,9,5.7804565,3,0,2016-03-05
1863,1864,181.0,1,6,1,3,9,5.7804565,3,0,2016-03-06
1864,1865,141.0,0,0,1,3,10,5.7804565,2,0,2016-03-07
1865,1866,145.0,0,1,2,3,10,5.7804565,2,0,2016-03-08
1866,1867,120.0,0,2,2,3,10,5.7804565,3,0,2016-03-09
1867,1868,150.0,0,3,2,3,10,5.7804565,1,0,2016-03-10
1868,1869,151.0,0,4,2,3,10,5.7804565,2,0,2016-03-11
1869,1870,166.0,1,5,2,3,10,5.7795005,2,0,2016-03-12
1870,1871,174.0,1,6,2,3,10,5.7795005,1,0,2016-03-13
1871,1872,118.0,0,0,2,3,11,5.7795005,1,0,2016-03-14
1872,1873,128.0,0,1,3,3,11,5.7795005,2,0,2016-03-15
1873,1874,133.0,0,2,3,3,11,5.7795005,0,0,2016-03-16
1874,1875,123.0,0,3,3,3,11,5.7795005,0,1,2016-03-17
1875,1876,148.0,0,4,3,3,11,5.7795005,0,0,2016-03-18
1876,1877,161.0,1,5,3,3,11,5.7798343,0,0,2016-03-19
1877,1878,155.0,1,6,3,3,11,5.7798343,0,0,2016-03-20
1878,1879,128.0,0,0,3,3,12,5.7798343,0,0,2016-03-21
1879,1880,126.0,0,1,4,3,12,5.7798343,0,0,2016-03-22
1880,1881,96.0,0,2,4,3,12,5.7798343,0,0,2016-03-23
1881,1882,88.0,0,3,4,3,12,5.7798343,0,1,2016-03-24
1882,1883,164.0,0,4,4,3,12,5.7798343,0,0,2016-03-25
1883,1884,172.0,1,5,4,3,12,5.77942,0,0,2016-03-26
1884,1885,90.0,1,6,4,3,12,5.77942,0,1,2016-03-27
1885,1886,106.0,0,0,4,3,13,5.77942,0,0,2016-03-28
1886,1887,139.0,0,1,5,3,13,5.77942,0,0,2016-03-29
1887,1888,95.0,0,2,5,3,13,5.77942,0,0,2016-03-30
1888,1889,114.0,0,3,5,3,13,5.77942,0,0,2016-03-31
1889,1890,178.0,0,4,1,4,13,5.77942,2,0,2016-04-01
1890,1891,194.0,1,5,1,4,13,5.778946,2,0,2016-04-02
1891,1892,187.0,1,6,1,4,13,5.778946,3,0,2016-04-03
1892,1893,131.0,0,0,1,4,14,5.778946,1,0,2016-04-04
1893,1894,127.0,0,1,1,4,14,5.778946,3,0,2016-04-05
1894,1895,136.0,0,2,1,4,14,5.778946,3,0,2016-04-06
1895,1896,160.0,0,3,1,4,14,5.778946,2,0,2016-04-07
1896,1897,143.0,0,4,2,4,14,5.778946,2,0,2016-04-08
1897,1898,196.0,1,5,2,4,14,5.7788324,3,0,2016-04-09
1898,1899,179.0,1,6,2,4,14,5.7788324,1,0,2016-04-10
1899,1900,134.0,0,0,2,4,15,5.7788324,2,0,2016-04-11
1900,1901,120.0,0,1,2,4,15,5.7788324,2,0,2016-04-12
1901,1902,115.0,0,2,2,4,15,5.7788324,1,0,2016-04-13
1902,1903,113.0,0,3,2,4,15,5.7788324,1,0,2016-04-14
1903,1904,136.0,0,4,3,4,15,5.7788324,2,0,2016-04-15
1904,1905,138.0,1,5,3,4,15,5.7787943,0,0,2016-04-16
1905,1906,137.0,1,6,3,4,15,5.7787943,0,0,2016-04-17
1906,1907,139.0,0,0,3,4,16,5.7787943,0,0,2016-04-18
1907,1908,147.0,0,1,3,4,16,5.7787943,0,0,2016-04-19
1908,1909,113.0,0,2,3,4,16,5.7787943,0,0,2016-04-20
1909,1910,127.0,0,3,3,4,16,5.7787943,0,0,2016-04-21
1910,1911,160.0,0,4,4,4,16,5.7787943,0,0,2016-04-22
1911,1912,194.0,1,5,4,4,16,5.7787943,0,0,2016-04-23
1912,1913,177.0,1,6,4,4,16,5.7787943,0,0,2016-04-24
1913,1914,110.0,0,0,4,4,17,5.7787943,0,0,2016-04-25
1914,1915,148.0,0,1,4,4,17,5.7787943,0,0,2016-04-26
1915,1916,124.0,0,2,4,4,17,5.7787943,0,0,2016-04-27
1916,1917,139.0,0,3,4,4,17,5.7787943,0,0,2016-04-28
1917,1918,162.0,0,4,5,4,17,5.7787943,0,0,2016-04-29
1918,1919,152.0,1,5,5,4,17,5.7774973,0,1,2016-04-30
1919,1920,156.0,1,6,1,5,17,5.7774973,2,1,2016-05-01
1920,1921,123.0,0,0,1,5,18,5.7774973,2,0,2016-05-02
1921,1922,143.0,0,1,1,5,18,5.7774973,3,0,2016-05-03
1922,1923,146.0,0,2,1,5,18,5.7774973,1,0,2016-05-04
1923,1924,140.0,0,3,1,5,18,5.7774973,3,1,2016-05-05
1924,1925,138.0,0,4,1,5,18,5.7774973,3,0,2016-05-06
1925,1926,183.0,1,5,1,5,18,5.7708983,2,0,2016-05-07
1926,1927,133.0,1,6,2,5,18,5.7708983,2,1,2016-05-08
1927,1928,144.0,0,0,2,5,19,5.7708983,3,0,2016-05-09
1928,1929,127.0,0,1,2,5,19,5.7708983,1,0,2016-05-10
1929,1930,141.0,0,2,2,5,19,5.7708983,2,0,2016-05-11
1930,1931,115.0,0,3,2,5,19,5.7708983,2,0,2016-05-12
1931,1932,154.0,0,4,2,5,19,5.7708983,1,0,2016-05-13
1932,1933,184.0,1,5,2,5,19,5.7707996,1,0,2016-05-14
1933,1934,177.0,1,6,3,5,19,5.7707996,2,0,2016-05-15
1934,1935,145.0,0,0,3,5,20,5.7707996,0,0,2016-05-16
1935,1936,138.0,0,1,3,5,20,5.7707996,0,0,2016-05-17
1936,1937,157.0,0,2,3,5,20,5.7707996,0,0,2016-05-18
1937,1938,198.0,0,3,3,5,20,5.7707996,0,0,2016-05-19
1938,1939,174.0,0,4,3,5,20,5.7707996,0,0,2016-05-20
1939,1940,192.0,1,5,3,5,20,5.763621,0,0,2016-05-21
1940,1941,196.0,1,6,4,5,20,5.763621,0,0,2016-05-22
1941,1942,0.0,0,0,4,5,21,5.763621,0,0,2016-05-23
1942,1943,0.0,0,1,4,5,21,5.763621,0,0,2016-05-24
1943,1944,0.0,0,2,4,5,21,5.763621,0,0,2016-05-25
1944,1945,0.0,0,3,4,5,21,5.763621,0,0,2016-05-26
1945,1946,0.0,0,4,4,5,21,5.763621,0,0,2016-05-27
1946,1947,0.0,1,5,4,5,21,5.768122,0,0,2016-05-28
1947,1948,0.0,1,6,5,5,21,5.768122,0,0,2016-05-29
1948,1949,0.0,0,0,5,5,22,5.768122,0,1,2016-05-30
1949,1950,0.0,0,1,5,5,22,5.768122,0,0,2016-05-31
1950,1951,0.0,0,2,1,6,22,5.768122,2,0,2016-06-01
1951,1952,0.0,0,3,1,6,22,5.768122,2,1,2016-06-02
1952,1953,0.0,0,4,1,6,22,5.768122,3,0,2016-06-03
1953,1954,0.0,1,5,1,6,22,5.768122,1,0,2016-06-04
1954,1955,0.0,1,6,1,6,22,5.768122,3,0,2016-06-05
1955,1956,0.0,0,0,1,6,23,5.768122,3,0,2016-06-06
1956,1957,0.0,0,1,1,6,23,5.768122,2,1,2016-06-07
1957,1958,0.0,0,2,2,6,23,5.768122,2,0,2016-06-08
1958,1959,0.0,0,3,2,6,23,5.768122,3,0,2016-06-09
1959,1960,0.0,0,4,2,6,23,5.768122,1,0,2016-06-10
1960,1961,0.0,1,5,2,6,23,5.768122,2,0,2016-06-11
1961,1962,0.0,1,6,2,6,23,5.768122,2,0,2016-06-12
1962,1963,0.0,0,0,2,6,24,5.768122,1,0,2016-06-13
1963,1964,0.0,0,1,2,6,24,5.768122,1,0,2016-06-14
1964,1965,0.0,0,2,3,6,24,5.768122,2,0,2016-06-15
1965,1966,0.0,0,3,3,6,24,5.768122,0,0,2016-06-16
1966,1967,0.0,0,4,3,6,24,5.768122,0,0,2016-06-17
1967,1968,0.0,1,5,3,6,24,5.7751727,0,0,2016-06-18
1968,1969,0.0,1,6,3,6,24,5.7751727,0,2,2016-06-19
